   Compiling syn v2.0.119
   Compiling thiserror-impl v2.0.20
    Checking bytemuck v1.25.2
    Checking serde v1.0.229
    Checking windows-sys v0.61.2
    Checking once_cell v1.21.4
    Checking calendrical_calculations v0.2.4
    Checking thiserror v2.0.20
   Compiling naga-types v30.0.0
   Compiling cobs v0.3.0
    Checking fixed_decimal v0.7.2
    Checking winapi-util v0.1.11
   Compiling postcard v1.1.3
    Checking termcolor v1.4.1
    Checking wgpu-types v30.0.0
    Checking codespan-reporting v0.13.1
    Checking font-types v0.10.1
    Checking read-fonts v0.35.0
    Checking font-types v0.12.3
    Checking read-fonts v0.41.0
   Compiling synstructure v0.13.2
    Checking image v0.25.9
   Compiling zerofrom-derive v0.1.7
   Compiling yoke-derive v0.8.2
    Checking zerofrom v0.1.8
   Compiling zerocopy-derive v0.8.56
   Compiling windows-implement v0.60.2
    Checking yoke v0.8.3
   Compiling windows-interface v0.59.3
   Compiling phf_macros v0.11.3
    Checking zerovec v0.11.7
    Checking zerotrie v0.2.5
    Checking windows-core v0.62.2
    Checking zerocopy v0.8.56
    Checking tinystr v0.8.4
    Checking icu_locale_core v2.2.0
    Checking potential_utf v0.1.6
    Checking icu_collections v2.2.0
    Checking windows-numerics v0.3.1
    Checking windows-collections v0.3.2
    Checking icu_provider v2.2.0
    Checking windows-future v0.3.2
    Checking icu_locale v2.2.0
    Checking phf v0.11.3
    Checking icu_calendar v2.2.1
   Compiling palette_derive v0.7.6
    Checking palette v0.7.6
    Checking icu_time v2.2.0
    Checking half v2.7.1
    Checking icu_decimal v2.2.0
    Checking naga v30.0.0
    Checking icu_plurals v2.2.0
    Checking windows v0.62.2
    Checking icu_pattern v0.4.2
    Checking icu_datetime v2.2.0
    Checking incular-core v0.1.0 (D:\CODEBASE\PROJECTS\INCULAR\incular\crates\incular-core)
    Checking wgpu-naga-bridge v30.0.0
    Checking icu_properties v2.2.0
    Checking incular-config v0.1.0 (D:\CODEBASE\PROJECTS\INCULAR\incular\crates\incular-config)
    Checking icu_normalizer v2.2.0
   Compiling wgpu-core v30.0.0 (D:\CODEBASE\PROJECTS\INCULAR\incular\vendor\wgpu-core)
   Compiling windows-interface v0.58.0
    Checking gpu-allocator v0.28.0
   Compiling windows-implement v0.58.0
    Checking wgpu-hal v30.0.0
    Checking idna_adapter v1.2.2
    Checking dirs-sys v0.5.0
    Checking idna v1.1.0
    Checking windows-core v0.58.0
    Checking incular-image v0.1.0 (D:\CODEBASE\PROJECTS\INCULAR\incular\crates\incular-image)
    Checking skrifa v0.44.0
    Checking incular-assets v0.1.0 (D:\CODEBASE\PROJECTS\INCULAR\incular\crates\incular-assets)
    Checking regex-syntax v0.8.11
    Checking windows v0.58.0
    Checking regex-automata v0.4.18
    Checking swash v0.2.10
    Checking incular-rendering v0.1.0 (D:\CODEBASE\PROJECTS\INCULAR\incular\crates\incular-rendering)
    Checking fontique v0.7.0
    Checking ciborium-ll v0.2.2
    Checking wgpu-core-deps-windows-linux-android v30.0.0
    Checking url v2.5.8
    Checking directories v6.0.0
   Compiling incular-wgpu v0.1.0 (D:\CODEBASE\PROJECTS\INCULAR\incular\crates\incular-wgpu)
    Checking skrifa v0.37.0
    Checking harfrust v0.3.2
    Checking same-file v1.0.6
    Checking walkdir v2.5.0
    Checking incular-platform v0.1.0 (D:\CODEBASE\PROJECTS\INCULAR\incular\crates\incular-platform)
    Checking icu_segmenter v2.2.0
    Checking ciborium v0.2.2
    Checking regex v1.13.1
    Checking tinytemplate v1.2.1
    Checking parley v0.7.0
    Checking trybuild v1.0.120
    Checking criterion v0.7.0
    Checking incular-text v0.1.0 (D:\CODEBASE\PROJECTS\INCULAR\incular\crates\incular-text)
    Checking wgpu v30.0.0 (D:\CODEBASE\PROJECTS\INCULAR\incular\vendor\wgpu)
    Checking wgpu-profiler v0.28.0
    Finished `dev` profile [unoptimized + debuginfo] target(s) in 41.34s
