    Checking incular-core v0.1.0 (D:\CODEBASE\PROJECTS\INCULAR\incular\crates\incular-core)
   Compiling naga v30.0.0
    Checking fontique v0.7.0
    Checking gpu-allocator v0.28.0
    Checking incular-config v0.1.0 (D:\CODEBASE\PROJECTS\INCULAR\incular\crates\incular-config)
    Checking incular-semantics v0.1.0 (D:\CODEBASE\PROJECTS\INCULAR\incular\crates\incular-semantics)
    Checking incular-gestures v0.1.0 (D:\CODEBASE\PROJECTS\INCULAR\incular\crates\incular-gestures)
    Checking incular-animation v0.1.0 (D:\CODEBASE\PROJECTS\INCULAR\incular\crates\incular-animation)
   Compiling wgpu-core v30.0.0 (D:\CODEBASE\PROJECTS\INCULAR\incular\vendor\wgpu-core)
    Checking incular-image v0.1.0 (D:\CODEBASE\PROJECTS\INCULAR\incular\crates\incular-image)
    Checking parley v0.7.0
    Checking incular-rendering v0.1.0 (D:\CODEBASE\PROJECTS\INCULAR\incular\crates\incular-rendering)
    Checking incular-platform v0.1.0 (D:\CODEBASE\PROJECTS\INCULAR\incular\crates\incular-platform)
    Checking incular-scroll v0.1.0 (D:\CODEBASE\PROJECTS\INCULAR\incular\crates\incular-scroll)
    Checking incular-text v0.1.0 (D:\CODEBASE\PROJECTS\INCULAR\incular\crates\incular-text)
    Checking incular-layout v0.1.0 (D:\CODEBASE\PROJECTS\INCULAR\incular\crates\incular-layout)
   Compiling incular-wgpu v0.1.0 (D:\CODEBASE\PROJECTS\INCULAR\incular\crates\incular-wgpu)
    Checking tokio v1.53.1
    Checking incular-widgets v0.1.0 (D:\CODEBASE\PROJECTS\INCULAR\incular\crates\incular-widgets)
    Checking incular-accessibility v0.1.0 (D:\CODEBASE\PROJECTS\INCULAR\incular\crates\incular-accessibility)
    Checking muda v0.19.3
    Checking error-graph v0.1.1
    Checking minidump-writer v0.11.0
    Checking tauri-winrt-notification v0.8.1
    Checking tray-icon v0.24.2
    Checking wgpu-naga-bridge v30.0.0
    Checking wgpu-hal v30.0.0
    Checking incular-navigation v0.1.0 (D:\CODEBASE\PROJECTS\INCULAR\incular\crates\incular-navigation)
    Checking incular-controls v0.1.0 (D:\CODEBASE\PROJECTS\INCULAR\incular\crates\incular-controls)
    Checking incular-runtime v0.1.0 (D:\CODEBASE\PROJECTS\INCULAR\incular\crates\incular-runtime)
    Checking incular-material v0.1.0 (D:\CODEBASE\PROJECTS\INCULAR\incular\crates\incular-material)
    Checking wgpu-core-deps-windows-linux-android v30.0.0
    Checking wgpu v30.0.0 (D:\CODEBASE\PROJECTS\INCULAR\incular\vendor\wgpu)
    Checking incular-desktop v0.1.0 (D:\CODEBASE\PROJECTS\INCULAR\incular\crates\incular-desktop)
    Checking incular-linux v0.1.0 (D:\CODEBASE\PROJECTS\INCULAR\incular\crates\incular-linux)
    Checking incular-macos v0.1.0 (D:\CODEBASE\PROJECTS\INCULAR\incular\crates\incular-macos)
    Checking incular-windows v0.1.0 (D:\CODEBASE\PROJECTS\INCULAR\incular\crates\incular-windows)
    Checking incular v0.1.0 (D:\CODEBASE\PROJECTS\INCULAR\incular\crates\incular)
    Finished `dev` profile [unoptimized + debuginfo] target(s) in 36.84s
